
> kart@0.1.0 build
> next build

node.exe : ΓÜá 
Warning: Next.js 
inferred your 
workspace root, but 
it may not be 
correct.
At line:1 char:1
+ & "C:\Program Files
\nodejs/node.exe" 
"C:\Program 
Files\nodejs/node_mo 
...
+ ~~~~~~~~~~~~~~~~~~~
~~~~~~~~~~~~~~~~~~~~~
~~~~~~~~~~~~~~~~~~~~~
~~~~~~~~
    + CategoryInfo   
           : NotSpe  
  cified: (ΓÜá War   
 ning: Ne...not b    
e correct.:Strin    
g) [], RemoteExc    
eption
    + FullyQualified 
   ErrorId : Native  
  CommandError
 
 We detected 
multiple lockfiles 
and selected the 
directory of C:\Users
\DELL\package-lock.js
on as the root 
directory.
 To silence this 
warning, set 
`turbopack.root` in 
your Next.js config, 
or consider removing 
one of the lockfiles 
if it's not needed.
   See https://nextjs
.org/docs/app/api-ref
erence/config/next-co
nfig-js/turbopack#roo
t-directory for more 
information.
 Detected additional 
lockfiles: 
   * C:\Users\DELL\De
sktop\kart\package-lo
ck.json

Γû▓ Next.js 16.1.1 (Turbopack)
- Environments: .env.local

  Creating an optimized production build ...
Γ£ô Compiled successfully in 18.1s
  Running TypeScript ...
  Collecting page data using 7 workers ...
  Generating static pages using 7 workers (0/35) ...
  Generating static pages using 7 workers (8/35) 
  Generating static pages using 7 workers (17/35) 
  Generating static pages using 7 workers (26/35) 
Γ£ô Generating static pages using 7 workers (35/35) in 314.1ms
  Finalizing page optimization ...

Route (app)
Γöî ╞Æ /
Γö£ ╞Æ /_not-found
Γö£ ╞Æ /about
Γö£ ╞Æ /api/admin/check-access
Γö£ ╞Æ /api/admin/reviews/delete
Γö£ ╞Æ /api/admin/verifications/approve
Γö£ ╞Æ /api/admin/verifications/reject
Γö£ ╞Æ /api/admin/withdrawals/approve
Γö£ ╞Æ /api/admin/withdrawals/manual-approve
Γö£ ╞Æ /api/admin/withdrawals/reject
Γö£ ╞Æ /api/admin/withdrawals/retry-paystack
Γö£ ╞Æ /api/ads/boost
Γö£ ╞Æ /api/ads/feature
Γö£ ╞Æ /api/ads/track
Γö£ ╞Æ /api/orders/create
Γö£ ╞Æ /api/paystack/initiate
Γö£ ╞Æ /api/paystack/public-key
Γö£ ╞Æ /api/paystack/verify
Γö£ ╞Æ /api/paystack/webhook
Γö£ ╞Æ /api/promotions/create
Γö£ ╞Æ /api/promotions/verify
Γö£ ╞Æ /api/reports/create
Γö£ ╞Æ /api/reviews/create
Γö£ ╞Æ /api/settings/password
Γö£ ╞Æ /api/settings/payment
Γö£ ╞Æ /api/settings/profile
Γö£ ╞Æ /api/subscriptions/cancel
Γö£ ╞Æ /api/subscriptions/create
Γö£ ╞Æ /api/subscriptions/manual-activate
Γö£ ╞Æ /api/subscriptions/verify
Γö£ ╞Æ /api/verification/request
Γö£ ╞Æ /api/wallet/release-escrow
Γö£ ╞Æ /api/wallet/withdraw
Γö£ ╞Æ /api/wishlist/add
Γö£ ╞Æ /api/wishlist/remove
Γö£ ╞Æ /dashboard
Γö£ ╞Æ /dashboard/admin
Γö£ ╞Æ /dashboard/admin/advertisements
Γö£ ╞Æ /dashboard/admin/orders
Γö£ ╞Æ /dashboard/admin/orders/[id]
Γö£ ╞Æ /dashboard/admin/products
Γö£ ╞Æ /dashboard/admin/reports
Γö£ ╞Æ /dashboard/admin/reviews
Γö£ ╞Æ /dashboard/admin/subscriptions
Γö£ ╞Æ /dashboard/admin/users
Γö£ ╞Æ /dashboard/admin/verifications
Γö£ ╞Æ /dashboard/admin/withdrawals
Γö£ ╞Æ /dashboard/messages
Γö£ ╞Æ /dashboard/messages/[id]
Γö£ ╞Æ /dashboard/notifications
Γö£ ╞Æ /dashboard/orders
Γö£ ╞Æ /dashboard/orders/[id]
Γö£ ╞Æ /dashboard/orders/[id]/review
Γö£ ╞Æ /dashboard/orders/[id]/review/success
Γö£ ╞Æ /dashboard/seller
Γö£ ╞Æ /dashboard/seller/analytics
Γö£ ╞Æ /dashboard/seller/create
Γö£ ╞Æ /dashboard/seller/create/success
Γö£ ╞Æ /dashboard/seller/listings
Γö£ ╞Æ /dashboard/seller/listings/[id]
Γö£ ╞Æ /dashboard/seller/listings/edit/[id]
Γö£ ╞Æ /dashboard/seller/listings/promote/[id]
Γö£ ╞Æ /dashboard/seller/listings/promote/success
Γö£ ╞Æ /dashboard/seller/orders
Γö£ ╞Æ /dashboard/seller/verify
Γö£ ╞Æ /dashboard/settings
Γö£ ╞Æ /dashboard/wallet
Γö£ ╞Æ /dashboard/wallet/withdraw
Γö£ ╞Æ /dashboard/wishlist
Γö£ ╞Æ /debug
Γö£ ╞Æ /faq
Γö£ ╞Æ /login
Γö£ ╞Æ /marketplace
Γö£ ╞Æ /marketplace/[id]
Γö£ ╞Æ /marketplace/[id]/buy
Γö£ ╞Æ /marketplace/categories
Γö£ ╞Æ /notifications
Γö£ ╞Æ /privacy
Γö£ ╞Æ /profile
Γö£ ╞Æ /profile/[id]
Γö£ ╞Æ /profile/edit
Γö£ ╞Æ /safety
Γö£ ╞Æ /signup
Γö£ ╞Æ /subscriptions
Γö£ ╞Æ /subscriptions/success
Γöö ╞Æ /terms


╞Æ  (Dynamic)  server-rendered on demand

